<html>
<body>
<pre>
<h1>µVision Build Log</h1>
<h2>Tool Versions:</h2>
IDE-Version: ¦ÌVision V5.27.1.0
Copyright (C) 2019 ARM Ltd and ARM Germany GmbH. All rights reserved.
License Information: lq DELL, innotech, LIC=----
 
Tool Versions:
Toolchain:       MDK-Lite  Version: 5.27.1.0
Toolchain Path:  C:\Keil_v5\ARM\ARMCC\Bin
C Compiler:      Armcc.exe V5.06 update 6 (build 750)
Assembler:       Armasm.exe V5.06 update 6 (build 750)
Linker/Locator:  ArmLink.exe V5.06 update 6 (build 750)
Library Manager: ArmAr.exe V5.06 update 6 (build 750)
Hex Converter:   FromElf.exe V5.06 update 6 (build 750)
CPU DLL:         SARMCM3.DLL V5.27.1.0
Dialog DLL:      DARMCM1.DLL V1.19.2.0
Target DLL:      SNLink\SNLINK.dll V1.0.0.2
Dialog DLL:      TARMCM1.DLL V1.14.1.0
 
<h2>Project:</h2>
F:\SD06\Project\Prj_SD06_2.0\SN32F700B_Demo.uvprojx
Project File Date:  08/31/2019

<h2>Output:</h2>
*** Using Compiler 'V5.06 update 6 (build 750)', folder: 'C:\Keil_v5\ARM\ARMCC\Bin'
Build target 'SN32700B'
compiling userApp.c...
linking...
Program Size: Code=13820 RO-data=232 RW-data=168 ZI-data=752  
FromELF: creating hex file...
After Build - User command #1: HexConvert.exe SN32F700B "F:\SD06\Project\Prj_SD06_2.0\obj\SN32F700B.HEX" 0
INI_Ver = V28
EXE_Ver = V19
CheckSum = 0x52F9
".\obj\SN32F700B.axf" - 0 Error(s), 0 Warning(s).

<h2>Software Packages used:</h2>

Package Vendor: ARM
                http://www.keil.com/pack/ARM.CMSIS.5.5.1.pack
                ARM.CMSIS.5.5.1
                CMSIS (Cortex Microcontroller Software Interface Standard)
   * Component: CORE Version: 5.2.0

Package Vendor: SONiX
                http://liveupdate.sonix.com.tw/sonix/develop_tool/MCU/DFP/SONiX.SN32F7_DFP.1.4.9.pack
                SONiX.SN32F7_DFP.1.4.9
                SONiX SN32F7 Series Device Support and Examples
   * Component: Startup Version: 1.0.4

<h2>Collection of Component include folders:</h2>
  .\RTE\_SN32700B
  C:\Users\DELL\AppData\Local\Arm\Packs\ARM\CMSIS\5.5.1\CMSIS\Core\Include
  C:\Users\DELL\AppData\Local\Arm\Packs\SONiX\SN32F7_DFP\1.4.9\Device\Include

<h2>Collection of Component Files used:</h2>

   * Component: ARM::CMSIS:CORE:5.2.0

   * Component: SONiX::Device:Startup:1.0.4
      Source file:   Device\Source\system_SN32F700B.c
      Source file:   Device\Source\ARM\startup_SN32F700B.s
Build Time Elapsed:  00:00:02
</pre>
</body>
</html>
